<html>
<body>
<pre>
<h1>µVision Build Log</h1>
<h2>Tool Versions:</h2>
IDE-Version: ¦ÌVision V5.24.2.0
Copyright (C) 2017 ARM Ltd and ARM Germany GmbH. All rights reserved.
License Information: ADMIN ADMIN, ADMIN, LIC=Y2BKP-M63XL-RCFJZ-JHPD3-73GTV-KEM11
 
Tool Versions:
Toolchain:       MDK-ARM Professional  Version: 5.24.1
Toolchain Path:  D:\Keil_v5\ARM\ARMCC\Bin
C Compiler:      Armcc.exe V5.06 update 5 (build 528)
Assembler:       Armasm.exe V5.06 update 5 (build 528)
Linker/Locator:  ArmLink.exe V5.06 update 5 (build 528)
Library Manager: ArmAr.exe V5.06 update 5 (build 528)
Hex Converter:   FromElf.exe V5.06 update 5 (build 528)
CPU DLL:         SARMCM3.DLL V5.24.1
Dialog DLL:      DCM.DLL V1.16.0.0
Target DLL:      Segger\JL2CM3.dll V2.99.26.0
Dialog DLL:      TCM.DLL V1.32.0.0
 
<h2>Project:</h2>
G:\Art\Voice_f103\Voice\MDK-ARM\Voice.uvprojx
Project File Date:  10/27/2019

<h2>Output:</h2>
*** Using Compiler 'V5.06 update 5 (build 528)', folder: 'D:\Keil_v5\ARM\ARMCC\Bin'
Build target 'Voice'
compiling main.c...
..\MDK-ARM\WS2812.h(20): warning:  #1295-D: Deprecated declaration WS2812_send_data - give arg types
  void WS2812_send_data();
..\MDK-ARM\WS2812.h(21): warning:  #1295-D: Deprecated declaration WS2812_Init - give arg types
  void WS2812_Init();
..\MDK-ARM\WS2812.h(22): warning:  #1-D: last line of file ends without a newline
  #endif
../Inc/adc.h(42): warning:  #1295-D: Deprecated declaration stop_adc_dma - give arg types
  void stop_adc_dma();
../Inc/adc.h(43): warning:  #1295-D: Deprecated declaration star_adc_dma - give arg types
  void star_adc_dma();
../Src/main.c(139): warning:  #223-D: function "printf" declared implicitly
  		printf("\r\nsmooth_voice = %d",smooth_voice);
../Src/main.c(55): warning:  #177-D: variable "Output"  was declared but never referenced
  static q15_t Output[SAMPLES/2];
../Src/main.c: 7 warnings, 0 errors
linking...
Program Size: Code=7856 RO-data=292 RW-data=20 ZI-data=2316  
FromELF: creating hex file...
"Voice\Voice.axf" - 0 Error(s), 7 Warning(s).

<h2>Software Packages used:</h2>

Package Vendor: Keil
                http://www.keil.com/pack/Keil.STM32F1xx_DFP.2.2.0.pack
                Keil.STM32F1xx_DFP.2.2.0
                STMicroelectronics STM32F1 Series Device Support, Drivers and Examples

<h2>Collection of Component include folders:</h2>
  .\RTE\_Voice
  D:\Keil_v5\ARM\PACK\Keil\STM32F1xx_DFP\2.2.0\Device\Include

<h2>Collection of Component Files used:</h2>
Build Time Elapsed:  00:00:01
</pre>
</body>
</html>
