


ARM Macro Assembler    Page 1 


    1 00000000         #line   1                "..\\Drivers\\CMSIS\\DSP\\Sourc
e\\TransformFunctions\\arm_bitreversal2.S"
    1 00000000         ;
    2 00000000         
    3 00000000         
    4 00000000         
    5 00000000         
    6 00000000         
    7 00000000         
    8 00000000         
    9 00000000         
   10 00000000         
   11 00000000         
   12 00000000         
   13 00000000         ;
   14 00000000         
   15 00000000         
   16 00000000         
   17 00000000         
   18 00000000         
   19 00000000         
   20 00000000         
   21 00000000         
   22 00000000         
   23 00000000         
   24 00000000         
   25 00000000         
   26 00000000         
   27 00000000         
   28 00000000         
   29 00000000         
   30 00000000         
   31 00000000         #line   67               "..\\Drivers\\CMSIS\\DSP\\Sourc
e\\TransformFunctions\\arm_bitreversal2.S"
   67 00000000         
   68 00000000                 AREA             ||. text||, CODE, READONLY, ALI
GN=2
   69 00000000                 THUMB
   70 00000000         
   71 00000000         ;
   72 00000000         
   73 00000000         
   74 00000000         
   75 00000000         
   76 00000000         
   77 00000000         
   78 00000000                 EXPORT           arm_bitreversal_32
   79 00000000                 EXPORT           arm_bitreversal_16
   80 00000000         
   81 00000000         #line   89               "..\\Drivers\\CMSIS\\DSP\\Sourc
e\\TransformFunctions\\arm_bitreversal2.S"
   89 00000000         
   90 00000000         #line   141              "..\\Drivers\\CMSIS\\DSP\\Sourc
e\\TransformFunctions\\arm_bitreversal2.S"
  141 00000000         
  142 00000000         arm_bitreversal_32
                               PROC
  143 00000000 1C4B            ADDS             r3,r1,#1
  144 00000002 2B01            CMP              r3,#1



ARM Macro Assembler    Page 2 


  145 00000004 BF98            IT               LS
  146 00000006 4770            BXLS             lr
  147 00000008 E92D 03F0       PUSH             {r4-r9}
  148 0000000C 1C91            ADDS             r1,r2,#2
  149 0000000E 089B            LSRS             r3,r3,#2
  150 00000010         arm_bitreversal_32_0                 ; 
  151 00000010 F8B1 8004       LDRH             r8,[r1,#4]
  152 00000014 F8B1 9002       LDRH             r9,[r1,#2]
  153 00000018 880A            LDRH             r2,[r1,#0]
  154 0000001A F831 CC02       LDRH             r12,[r1,#-2]
  155 0000001E 4480            ADD              r8,r0,r8
  156 00000020 4481            ADD              r9,r0,r9
  157 00000022 4402            ADD              r2,r0,r2
  158 00000024 4484            ADD              r12,r0,r12
  159 00000026 F8D9 7000       LDR              r7,[r9,#0]
  160 0000002A F8D8 6000       LDR              r6,[r8,#0]
  161 0000002E 6815            LDR              r5,[r2,#0]
  162 00000030 F8DC 4000       LDR              r4,[r12,#0]
  163 00000034 F8C9 6000       STR              r6,[r9,#0]
  164 00000038 F8C8 7000       STR              r7,[r8,#0]
  165 0000003C F8CC 5000       STR              r5,[r12,#0]
  166 00000040 6014            STR              r4,[r2,#0]
  167 00000042 F8D9 7004       LDR              r7,[r9,#4]
  168 00000046 F8D8 6004       LDR              r6,[r8,#4]
  169 0000004A 6855            LDR              r5,[r2,#4]
  170 0000004C F8DC 4004       LDR              r4,[r12,#4]
  171 00000050 F8C9 6004       STR              r6,[r9,#4]
  172 00000054 F8C8 7004       STR              r7,[r8,#4]
  173 00000058 F8CC 5004       STR              r5,[r12,#4]
  174 0000005C 6054            STR              r4,[r2,#4]
  175 0000005E 3108            ADDS             r1,r1,#8
  176 00000060 1E5B            SUBS             r3,r3,#1
  177 00000062 D1D5            BNE              arm_bitreversal_32_0
  178 00000064 E8BD 03F0       POP              {r4-r9}
  179 00000068 4770            BX               lr
  180 0000006A                 ENDP
  181 0000006A         
  182 0000006A         arm_bitreversal_16
                               PROC
  183 0000006A 1C4B            ADDS             r3,r1,#1
  184 0000006C 2B01            CMP              r3,#1
  185 0000006E BF98            IT               LS
  186 00000070 4770            BXLS             lr
  187 00000072 E92D 03F0       PUSH             {r4-r9}
  188 00000076 1C91            ADDS             r1,r2,#2
  189 00000078 089B            LSRS             r3,r3,#2
  190 0000007A         arm_bitreversal_16_0                 ; 
  191 0000007A F8B1 8004       LDRH             r8,[r1,#4]
  192 0000007E F8B1 9002       LDRH             r9,[r1,#2]
  193 00000082 880A            LDRH             r2,[r1,#0]
  194 00000084 F831 CC02       LDRH             r12,[r1,#-2]
  195 00000088 EB00 0858       ADD              r8,r0,r8,LSR #1
  196 0000008C EB00 0959       ADD              r9,r0,r9,LSR #1
  197 00000090 EB00 0252       ADD              r2,r0,r2,LSR #1
  198 00000094 EB00 0C5C       ADD              r12,r0,r12,LSR #1
  199 00000098 F8D9 7000       LDR              r7,[r9,#0]
  200 0000009C F8D8 6000       LDR              r6,[r8,#0]
  201 000000A0 6815            LDR              r5,[r2,#0]
  202 000000A2 F8DC 4000       LDR              r4,[r12,#0]



ARM Macro Assembler    Page 3 


  203 000000A6 F8C9 6000       STR              r6,[r9,#0]
  204 000000AA F8C8 7000       STR              r7,[r8,#0]
  205 000000AE F8CC 5000       STR              r5,[r12,#0]
  206 000000B2 6014            STR              r4,[r2,#0]
  207 000000B4 3108            ADDS             r1,r1,#8
  208 000000B6 1E5B            SUBS             r3,r3,#1
  209 000000B8 D1DF            BNE              arm_bitreversal_16_0
  210 000000BA E8BD 03F0       POP              {r4-r9}
  211 000000BE 4770            BX               lr
  212 000000C0                 ENDP
  213 000000C0         
  214 000000C0         
  215 000000C0         
  216 000000C0                 END
Command Line: --debug --xref --cpreproc --diag_suppress=9931 --cpu=Cortex-M3 --
apcs=interwork --depend=voice\arm_bitreversal2.d -ovoice\arm_bitreversal2.o -I.
\RTE\_Voice -ID:\Keil_v5\ARM\PACK\Keil\STM32F1xx_DFP\2.2.0\Device\Include -ID:\
Keil_v5\ARM\CMSIS\Include --predefine="__MICROLIB SETA 1" --predefine="__UVISIO
N_VERSION SETA 524" --predefine="STM32F10X_MD SETA 1" --list=arm_bitreversal2.l
st ..\Drivers\CMSIS\DSP\Source\TransformFunctions\arm_bitreversal2.S



ARM Macro Assembler    Page 1 Alphabetic symbol ordering
Relocatable symbols

arm_bitreversal_16 0000006A

Symbol: arm_bitreversal_16
   Definitions
      At line 182 in file ..\\Drivers\\CMSIS\\DSP\\Source\\TransformFunctions\\
arm_bitreversal2.S
   Uses
      At line 79 in file ..\\Drivers\\CMSIS\\DSP\\Source\\TransformFunctions\\a
rm_bitreversal2.S
Comment: arm_bitreversal_16 used once
arm_bitreversal_16_0 0000007A

Symbol: arm_bitreversal_16_0
   Definitions
      At line 190 in file ..\\Drivers\\CMSIS\\DSP\\Source\\TransformFunctions\\
arm_bitreversal2.S
   Uses
      At line 209 in file ..\\Drivers\\CMSIS\\DSP\\Source\\TransformFunctions\\
arm_bitreversal2.S
Comment: arm_bitreversal_16_0 used once
arm_bitreversal_32 00000000

Symbol: arm_bitreversal_32
   Definitions
      At line 142 in file ..\\Drivers\\CMSIS\\DSP\\Source\\TransformFunctions\\
arm_bitreversal2.S
   Uses
      At line 78 in file ..\\Drivers\\CMSIS\\DSP\\Source\\TransformFunctions\\a
rm_bitreversal2.S
Comment: arm_bitreversal_32 used once
arm_bitreversal_32_0 00000010

Symbol: arm_bitreversal_32_0
   Definitions
      At line 150 in file ..\\Drivers\\CMSIS\\DSP\\Source\\TransformFunctions\\
arm_bitreversal2.S
   Uses
      At line 177 in file ..\\Drivers\\CMSIS\\DSP\\Source\\TransformFunctions\\
arm_bitreversal2.S
Comment: arm_bitreversal_32_0 used once
|. text| 00000000

Symbol: |. text|
   Definitions
      At line 68 in file ..\\Drivers\\CMSIS\\DSP\\Source\\TransformFunctions\\a
rm_bitreversal2.S
   Uses
      None
Comment: |. text| unused
5 symbols
338 symbols in table
